
> my-v0-project@0.1.0 build
> next build

npm : [baseline-browser-mapping] The 
data in this module is over two 
months old.  To ensure accurate 
Baseline data, please update: `npm i 
baseline-browser-mapping@latest -D`
En línea: 1 Carácter: 67
+ ... yectos/Albo-shop-main"; npm 
run build > build_output.txt 2>&1; 
type b ...
+                             
~~~~~~~~~~~~~~~~~~~~~~~~~~~~~~~~~~~~~
    + CategoryInfo          : NotSpe 
   cified: ([baseline-brows...ping@  
  latest -D`:String) [], RemoteExc   
 eption
    + FullyQualifiedErrorId : Native 
   CommandError
 
   Ôû▓ Next.js 16.0.10 (Turbopack)
   - Environments: .env.local

   Creating an optimized production build ...
[baseline-browser-mapping] The data 
in this module is over two months 
old.  To ensure accurate Baseline 
data, please update: `npm i 
baseline-browser-mapping@latest -D`
 Ô£ô Compiled successfully in 6.2s
   Skipping validation of types
   Collecting page data using 3 workers ...
[baseline-browser-mapping] The data 
in this module is over two months 
old.  To ensure accurate Baseline 
data, please update: `npm i 
baseline-browser-mapping@latest -D`
[baseline-browser-mapping] The data 
in this module is over two months 
old.  To ensure accurate Baseline 
data, please update: `npm i 
baseline-browser-mapping@latest -D`
[baseline-browser-mapping] The data 
in this module is over two months 
old.  To ensure accurate Baseline 
data, please update: `npm i 
baseline-browser-mapping@latest -D`
   Generating static pages using 3 workers (0/27) ...
[baseline-browser-mapping] The data 
in this module is over two months 
old.  To ensure accurate Baseline 
data, please update: `npm i 
baseline-browser-mapping@latest -D`
[baseline-browser-mapping] The data 
in this module is over two months 
old.  To ensure accurate Baseline 
data, please update: `npm i 
baseline-browser-mapping@latest -D`
   Generating static pages using 3 workers (6/27) 
   Generating static pages using 3 workers (13/27) 
   Generating static pages using 3 workers (20/27) 
 Ô£ô Generating static pages using 3 workers (27/27) in 1441.7ms
   Finalizing page optimization ...

Route (app)
Ôöî ãÆ /
Ôö£ Ôùï /_not-found
Ôö£ Ôùï /about
Ôö£ Ôùï /account
Ôö£ Ôùï /account/forgot-password
Ôö£ Ôùï /account/login
Ôö£ Ôùï /account/orders
Ôö£ Ôùï /account/profile
Ôö£ Ôùï /account/register
Ôö£ Ôùï /account/reset-password
Ôö£ Ôùï /account/settings
Ôö£ ãÆ /admin
Ôö£ ãÆ /admin/products
Ôö£ ãÆ /admin/products/[id]/edit
Ôö£ Ôùï /admin/products/new
Ôö£ ãÆ /api/checkout
Ôö£ ãÆ /api/delete-account
Ôö£ ãÆ /api/newsletter
Ôö£ ãÆ /api/orders
Ôö£ ãÆ /api/search
Ôö£ ãÆ /api/test-products
Ôö£ Ôùï /cart
Ôö£ ãÆ /category/[slug]
Ôö£ Ôùï /checkout
Ôö£ Ôùï /contact
Ôö£ Ôùï /help/faq
Ôö£ Ôùï /policies/returns
Ôö£ ãÆ /product/[slug]
Ôö£ Ôùï /promotions
Ôö£ Ôùï /terms
Ôöö Ôùï /wishlist


Ôùï  (Static)   prerendered as static content
ãÆ  (Dynamic)  server-rendered on demand

